// Jest Snapshot v1, https://goo.gl/fbAQLP

exports[`PrivateRoute should render PrivateRoute 1`] = `null`;
