// Jest Snapshot v1, https://goo.gl/fbAQLP

exports[`Favorites should render Favorites with empty favorites offers 1`] = `
<div
  className="page page--favorites "
>
  <header
    className="header"
  >
    <div
      className="container"
    >
      <div
        className="header__wrapper"
      >
        <div
          className="header__left"
        >
          <a
            className="header__logo-link header__logo-link--active"
            href="/"
            onClick={[Function]}
          >
            <img
              alt="6 cities logo"
              className="header__logo"
              height="41"
              src="../img/logo.svg"
              width="81"
            />
          </a>
        </div>
        <nav
          className="header__nav"
        >
          <ul
            className="header__nav-list"
          >
            <li
              className="header__nav-item user"
            >
              <a
                className="header__nav-link header__nav-link--profile"
                href="/favorites"
                onClick={[Function]}
              >
                <div
                  className="header__avatar-wrapper user__avatar-wrapper"
                  style={
                    Object {
                      "backgroundImage": "url(https://htmlacademy-react-3.appspot.com/six-cities/user1_avatar)",
                    }
                  }
                />
                <span
                  className="header__user-name user__name"
                >
                  user@gmail.com
                </span>
              </a>
            </li>
          </ul>
        </nav>
      </div>
    </div>
  </header>
  <main
    className="page__main page__main--favorites "
  >
    <div
      className="page__favorites-container container"
    >
      <section
        className="favorites"
      >
        <h1
          className="favorites__title"
        >
          Saved listing
        </h1>
        <ul
          className="favorites__list"
        >
          <li
            className="favorites__locations-items"
          >
            <div
              className="favorites__locations locations locations--current"
            >
              <div
                className="locations__item"
              >
                <a
                  className="locations__item-link tabs__item tabs__item--active"
                  href="/"
                  onClick={[Function]}
                >
                  <span>
                    Paris
                  </span>
                </a>
              </div>
            </div>
            <div
              className="favorites__places"
            >
              <article
                className="favorites__card place-card"
                onMouseEnter={[Function]}
                onMouseLeave={[Function]}
              >
                
                <div
                  className="favorites__image-wrapper place-card__image-wrapper"
                >
                  <a>
                    <img
                      alt="Place image"
                      className="place-card__image"
                      height={110}
                      src="image1"
                      width={150}
                    />
                  </a>
                </div>
                <div
                  className="place-card__info"
                >
                  <div
                    className="place-card__price-wrapper"
                  >
                    <div
                      className="place-card__price"
                    >
                      <b
                        className="place-card__price-value"
                      >
                        €
                        400
                      </b>
                      <span
                        className="place-card__price-text"
                        style={
                          Object {
                            "marginLeft": "3px",
                          }
                        }
                      >
                        / night
                      </span>
                    </div>
                    <button
                      className="favorites__bookmark-button button place-card__bookmark-button--active"
                      onClick={[Function]}
                      type="button"
                    >
                      <svg
                        className="place-card__bookmark-icon"
                        height={19}
                        width={18}
                      >
                        <use
                          xlinkHref="#icon-bookmark"
                        />
                      </svg>
                      <span
                        className="visually-hidden"
                      >
                        To bookmarks
                      </span>
                    </button>
                  </div>
                  <div
                    className="place-card__rating rating"
                  >
                    <div
                      className="place-card__stars rating__stars"
                    >
                      <span
                        style={
                          Object {
                            "width": "100%",
                          }
                        }
                      />
                      <span
                        className="visually-hidden"
                      >
                        Rating
                      </span>
                    </div>
                  </div>
                  <h2
                    className="place-card__name"
                  >
                    <a
                      href="/offer/1"
                      onClick={[Function]}
                    >
                      Amazing and Extremely Central Flat
                    </a>
                  </h2>
                  <p
                    className="place-card__type"
                  >
                    Apartment
                  </p>
                </div>
              </article>
            </div>
          </li>
          <li
            className="favorites__locations-items"
          >
            <div
              className="favorites__locations locations locations--current"
            >
              <div
                className="locations__item"
              >
                <a
                  className="locations__item-link tabs__item "
                  href="/"
                  onClick={[Function]}
                >
                  <span>
                    Dusseldorf
                  </span>
                </a>
              </div>
            </div>
            <div
              className="favorites__places"
            >
              <article
                className="favorites__card place-card"
                onMouseEnter={[Function]}
                onMouseLeave={[Function]}
              >
                
                <div
                  className="favorites__image-wrapper place-card__image-wrapper"
                >
                  <a>
                    <img
                      alt="Place image"
                      className="place-card__image"
                      height={110}
                      src="image3"
                      width={150}
                    />
                  </a>
                </div>
                <div
                  className="place-card__info"
                >
                  <div
                    className="place-card__price-wrapper"
                  >
                    <div
                      className="place-card__price"
                    >
                      <b
                        className="place-card__price-value"
                      >
                        €
                        500
                      </b>
                      <span
                        className="place-card__price-text"
                        style={
                          Object {
                            "marginLeft": "3px",
                          }
                        }
                      >
                        / night
                      </span>
                    </div>
                    <button
                      className="favorites__bookmark-button button place-card__bookmark-button--active"
                      onClick={[Function]}
                      type="button"
                    >
                      <svg
                        className="place-card__bookmark-icon"
                        height={19}
                        width={18}
                      >
                        <use
                          xlinkHref="#icon-bookmark"
                        />
                      </svg>
                      <span
                        className="visually-hidden"
                      >
                        To bookmarks
                      </span>
                    </button>
                  </div>
                  <div
                    className="place-card__rating rating"
                  >
                    <div
                      className="place-card__stars rating__stars"
                    >
                      <span
                        style={
                          Object {
                            "width": "80%",
                          }
                        }
                      />
                      <span
                        className="visually-hidden"
                      >
                        Rating
                      </span>
                    </div>
                  </div>
                  <h2
                    className="place-card__name"
                  >
                    <a
                      href="/offer/2"
                      onClick={[Function]}
                    >
                      The house among olive
                    </a>
                  </h2>
                  <p
                    className="place-card__type"
                  >
                    House
                  </p>
                </div>
              </article>
              <article
                className="favorites__card place-card"
                onMouseEnter={[Function]}
                onMouseLeave={[Function]}
              >
                
                <div
                  className="favorites__image-wrapper place-card__image-wrapper"
                >
                  <a>
                    <img
                      alt="Place image"
                      className="place-card__image"
                      height={110}
                      src="image3"
                      width={150}
                    />
                  </a>
                </div>
                <div
                  className="place-card__info"
                >
                  <div
                    className="place-card__price-wrapper"
                  >
                    <div
                      className="place-card__price"
                    >
                      <b
                        className="place-card__price-value"
                      >
                        €
                        600
                      </b>
                      <span
                        className="place-card__price-text"
                        style={
                          Object {
                            "marginLeft": "3px",
                          }
                        }
                      >
                        / night
                      </span>
                    </div>
                    <button
                      className="favorites__bookmark-button button place-card__bookmark-button--active"
                      onClick={[Function]}
                      type="button"
                    >
                      <svg
                        className="place-card__bookmark-icon"
                        height={19}
                        width={18}
                      >
                        <use
                          xlinkHref="#icon-bookmark"
                        />
                      </svg>
                      <span
                        className="visually-hidden"
                      >
                        To bookmarks
                      </span>
                    </button>
                  </div>
                  <div
                    className="place-card__rating rating"
                  >
                    <div
                      className="place-card__stars rating__stars"
                    >
                      <span
                        style={
                          Object {
                            "width": "60%",
                          }
                        }
                      />
                      <span
                        className="visually-hidden"
                      >
                        Rating
                      </span>
                    </div>
                  </div>
                  <h2
                    className="place-card__name"
                  >
                    <a
                      href="/offer/3"
                      onClick={[Function]}
                    >
                      Amazing and Extremely Central Flat
                    </a>
                  </h2>
                  <p
                    className="place-card__type"
                  >
                    Private room
                  </p>
                </div>
              </article>
            </div>
          </li>
        </ul>
      </section>
    </div>
  </main>
  <footer
    className="footer container"
  >
    <a
      className="footer__logo-link"
      href="/"
      onClick={[Function]}
    >
      <img
        alt="6 cities logo"
        className="footer__logo"
        height="33"
        src="img/logo.svg"
        width="64"
      />
    </a>
  </footer>
</div>
`;

exports[`Favorites should render Favorites with no empty favorites offers 1`] = `
<div
  className="page page--favorites "
>
  <header
    className="header"
  >
    <div
      className="container"
    >
      <div
        className="header__wrapper"
      >
        <div
          className="header__left"
        >
          <a
            className="header__logo-link header__logo-link--active"
            href="/"
            onClick={[Function]}
          >
            <img
              alt="6 cities logo"
              className="header__logo"
              height="41"
              src="../img/logo.svg"
              width="81"
            />
          </a>
        </div>
        <nav
          className="header__nav"
        >
          <ul
            className="header__nav-list"
          >
            <li
              className="header__nav-item user"
            >
              <a
                className="header__nav-link header__nav-link--profile"
                href="/favorites"
                onClick={[Function]}
              >
                <div
                  className="header__avatar-wrapper user__avatar-wrapper"
                  style={
                    Object {
                      "backgroundImage": "url(https://htmlacademy-react-3.appspot.com/six-cities/user1_avatar)",
                    }
                  }
                />
                <span
                  className="header__user-name user__name"
                >
                  user@gmail.com
                </span>
              </a>
            </li>
          </ul>
        </nav>
      </div>
    </div>
  </header>
  <main
    className="page__main page__main--favorites "
  >
    <div
      className="page__favorites-container container"
    >
      <section
        className="favorites"
      >
        <h1
          className="favorites__title"
        >
          Saved listing
        </h1>
        <ul
          className="favorites__list"
        >
          <li
            className="favorites__locations-items"
          >
            <div
              className="favorites__locations locations locations--current"
            >
              <div
                className="locations__item"
              >
                <a
                  className="locations__item-link tabs__item tabs__item--active"
                  href="/"
                  onClick={[Function]}
                >
                  <span>
                    Paris
                  </span>
                </a>
              </div>
            </div>
            <div
              className="favorites__places"
            >
              <article
                className="favorites__card place-card"
                onMouseEnter={[Function]}
                onMouseLeave={[Function]}
              >
                
                <div
                  className="favorites__image-wrapper place-card__image-wrapper"
                >
                  <a>
                    <img
                      alt="Place image"
                      className="place-card__image"
                      height={110}
                      src="image1"
                      width={150}
                    />
                  </a>
                </div>
                <div
                  className="place-card__info"
                >
                  <div
                    className="place-card__price-wrapper"
                  >
                    <div
                      className="place-card__price"
                    >
                      <b
                        className="place-card__price-value"
                      >
                        €
                        400
                      </b>
                      <span
                        className="place-card__price-text"
                        style={
                          Object {
                            "marginLeft": "3px",
                          }
                        }
                      >
                        / night
                      </span>
                    </div>
                    <button
                      className="favorites__bookmark-button button place-card__bookmark-button--active"
                      onClick={[Function]}
                      type="button"
                    >
                      <svg
                        className="place-card__bookmark-icon"
                        height={19}
                        width={18}
                      >
                        <use
                          xlinkHref="#icon-bookmark"
                        />
                      </svg>
                      <span
                        className="visually-hidden"
                      >
                        To bookmarks
                      </span>
                    </button>
                  </div>
                  <div
                    className="place-card__rating rating"
                  >
                    <div
                      className="place-card__stars rating__stars"
                    >
                      <span
                        style={
                          Object {
                            "width": "100%",
                          }
                        }
                      />
                      <span
                        className="visually-hidden"
                      >
                        Rating
                      </span>
                    </div>
                  </div>
                  <h2
                    className="place-card__name"
                  >
                    <a
                      href="/offer/1"
                      onClick={[Function]}
                    >
                      Amazing and Extremely Central Flat
                    </a>
                  </h2>
                  <p
                    className="place-card__type"
                  >
                    Apartment
                  </p>
                </div>
              </article>
            </div>
          </li>
          <li
            className="favorites__locations-items"
          >
            <div
              className="favorites__locations locations locations--current"
            >
              <div
                className="locations__item"
              >
                <a
                  className="locations__item-link tabs__item "
                  href="/"
                  onClick={[Function]}
                >
                  <span>
                    Dusseldorf
                  </span>
                </a>
              </div>
            </div>
            <div
              className="favorites__places"
            >
              <article
                className="favorites__card place-card"
                onMouseEnter={[Function]}
                onMouseLeave={[Function]}
              >
                
                <div
                  className="favorites__image-wrapper place-card__image-wrapper"
                >
                  <a>
                    <img
                      alt="Place image"
                      className="place-card__image"
                      height={110}
                      src="image3"
                      width={150}
                    />
                  </a>
                </div>
                <div
                  className="place-card__info"
                >
                  <div
                    className="place-card__price-wrapper"
                  >
                    <div
                      className="place-card__price"
                    >
                      <b
                        className="place-card__price-value"
                      >
                        €
                        500
                      </b>
                      <span
                        className="place-card__price-text"
                        style={
                          Object {
                            "marginLeft": "3px",
                          }
                        }
                      >
                        / night
                      </span>
                    </div>
                    <button
                      className="favorites__bookmark-button button place-card__bookmark-button--active"
                      onClick={[Function]}
                      type="button"
                    >
                      <svg
                        className="place-card__bookmark-icon"
                        height={19}
                        width={18}
                      >
                        <use
                          xlinkHref="#icon-bookmark"
                        />
                      </svg>
                      <span
                        className="visually-hidden"
                      >
                        To bookmarks
                      </span>
                    </button>
                  </div>
                  <div
                    className="place-card__rating rating"
                  >
                    <div
                      className="place-card__stars rating__stars"
                    >
                      <span
                        style={
                          Object {
                            "width": "80%",
                          }
                        }
                      />
                      <span
                        className="visually-hidden"
                      >
                        Rating
                      </span>
                    </div>
                  </div>
                  <h2
                    className="place-card__name"
                  >
                    <a
                      href="/offer/2"
                      onClick={[Function]}
                    >
                      The house among olive
                    </a>
                  </h2>
                  <p
                    className="place-card__type"
                  >
                    House
                  </p>
                </div>
              </article>
              <article
                className="favorites__card place-card"
                onMouseEnter={[Function]}
                onMouseLeave={[Function]}
              >
                
                <div
                  className="favorites__image-wrapper place-card__image-wrapper"
                >
                  <a>
                    <img
                      alt="Place image"
                      className="place-card__image"
                      height={110}
                      src="image3"
                      width={150}
                    />
                  </a>
                </div>
                <div
                  className="place-card__info"
                >
                  <div
                    className="place-card__price-wrapper"
                  >
                    <div
                      className="place-card__price"
                    >
                      <b
                        className="place-card__price-value"
                      >
                        €
                        600
                      </b>
                      <span
                        className="place-card__price-text"
                        style={
                          Object {
                            "marginLeft": "3px",
                          }
                        }
                      >
                        / night
                      </span>
                    </div>
                    <button
                      className="favorites__bookmark-button button place-card__bookmark-button--active"
                      onClick={[Function]}
                      type="button"
                    >
                      <svg
                        className="place-card__bookmark-icon"
                        height={19}
                        width={18}
                      >
                        <use
                          xlinkHref="#icon-bookmark"
                        />
                      </svg>
                      <span
                        className="visually-hidden"
                      >
                        To bookmarks
                      </span>
                    </button>
                  </div>
                  <div
                    className="place-card__rating rating"
                  >
                    <div
                      className="place-card__stars rating__stars"
                    >
                      <span
                        style={
                          Object {
                            "width": "60%",
                          }
                        }
                      />
                      <span
                        className="visually-hidden"
                      >
                        Rating
                      </span>
                    </div>
                  </div>
                  <h2
                    className="place-card__name"
                  >
                    <a
                      href="/offer/3"
                      onClick={[Function]}
                    >
                      Amazing and Extremely Central Flat
                    </a>
                  </h2>
                  <p
                    className="place-card__type"
                  >
                    Private room
                  </p>
                </div>
              </article>
            </div>
          </li>
        </ul>
      </section>
    </div>
  </main>
  <footer
    className="footer container"
  >
    <a
      className="footer__logo-link"
      href="/"
      onClick={[Function]}
    >
      <img
        alt="6 cities logo"
        className="footer__logo"
        height="33"
        src="img/logo.svg"
        width="64"
      />
    </a>
  </footer>
</div>
`;
