// Jest Snapshot v1, https://goo.gl/fbAQLP

exports[`NearPlaces should render NearPlaces correctly 1`] = `
<section
  className="near-places places"
>
  <h2
    className="near-places__title"
  >
    Other places in the neighbourhood
  </h2>
  <div
    className="near-places__list places__list"
  >
    <article
      className="near-places__card place-card"
      onMouseOver={[Function]}
    >
      
      <div
        className="near-places__image-wrapper place-card__image-wrapper"
      >
        <a
          href="#"
        >
          <img
            alt="Place image"
            className="place-card__image"
            height="200"
            src="image"
            width="260"
          />
        </a>
      </div>
      <div
        className="place-card__info"
      >
        <div
          className="place-card__price-wrapper"
        >
          <div
            className="place-card__price"
          >
            <b
              className="place-card__price-value"
            >
              €
              200
            </b>
            <span
              className="place-card__price-text"
              style={
                Object {
                  "marginLeft": "3px",
                }
              }
            >
              / night
            </span>
          </div>
          <button
            className="place-card__bookmark-button button place-card__bookmark-button--active"
            type="button"
          >
            <svg
              className="place-card__bookmark-icon"
              height={19}
              width={18}
            >
              <use
                xlinkHref="#icon-bookmark"
              />
            </svg>
            <span
              className="visually-hidden"
            >
              To bookmarks
            </span>
          </button>
        </div>
        <div
          className="place-card__rating rating"
        >
          <div
            className="place-card__stars rating__stars"
          >
            <span
              style={
                Object {
                  "width": "60%",
                }
              }
            />
            <span
              className="visually-hidden"
            >
              Rating
            </span>
          </div>
        </div>
        <h2
          className="place-card__name"
        >
          <a
            onClick={[Function]}
          >
            title
          </a>
        </h2>
        <p
          className="place-card__type"
        />
      </div>
    </article>
    <article
      className="near-places__card place-card"
      onMouseOver={[Function]}
    >
      
      <div
        className="near-places__image-wrapper place-card__image-wrapper"
      >
        <a
          href="#"
        >
          <img
            alt="Place image"
            className="place-card__image"
            height="200"
            src="image"
            width="260"
          />
        </a>
      </div>
      <div
        className="place-card__info"
      >
        <div
          className="place-card__price-wrapper"
        >
          <div
            className="place-card__price"
          >
            <b
              className="place-card__price-value"
            >
              €
              500
            </b>
            <span
              className="place-card__price-text"
              style={
                Object {
                  "marginLeft": "3px",
                }
              }
            >
              / night
            </span>
          </div>
          <button
            className="place-card__bookmark-button button place-card__bookmark-button--active"
            type="button"
          >
            <svg
              className="place-card__bookmark-icon"
              height={19}
              width={18}
            >
              <use
                xlinkHref="#icon-bookmark"
              />
            </svg>
            <span
              className="visually-hidden"
            >
              To bookmarks
            </span>
          </button>
        </div>
        <div
          className="place-card__rating rating"
        >
          <div
            className="place-card__stars rating__stars"
          >
            <span
              style={
                Object {
                  "width": "80%",
                }
              }
            />
            <span
              className="visually-hidden"
            >
              Rating
            </span>
          </div>
        </div>
        <h2
          className="place-card__name"
        >
          <a
            onClick={[Function]}
          >
            title
          </a>
        </h2>
        <p
          className="place-card__type"
        />
      </div>
    </article>
  </div>
</section>
`;
