// Jest Snapshot v1, https://goo.gl/fbAQLP

exports[`NearPlaces should render NearPlaces correctly 1`] = `
<section
  className="near-places places"
>
  <h2
    className="near-places__title"
  >
    Other places in the neighbourhood
  </h2>
  <div
    className="near-places__list places__list"
  >
    <article
      className="near-places__card place-card"
      onMouseEnter={[Function]}
      onMouseLeave={[Function]}
    >
      <div
        className="place-card__mark"
      >
        <span>
          Premium
        </span>
      </div>
      <div
        className="near-places__image-wrapper place-card__image-wrapper"
      >
        <a>
          <img
            alt="Place image"
            className="place-card__image"
            height={200}
            src="image1"
            width={260}
          />
        </a>
      </div>
      <div
        className="place-card__info"
      >
        <div
          className="place-card__price-wrapper"
        >
          <div
            className="place-card__price"
          >
            <b
              className="place-card__price-value"
            >
              €
              400
            </b>
            <span
              className="place-card__price-text"
              style={
                Object {
                  "marginLeft": "3px",
                }
              }
            >
              / night
            </span>
          </div>
          <button
            className="near-places__bookmark-button button place-card__bookmark-button--active"
            disabled={false}
            onClick={[Function]}
            type="button"
          >
            <svg
              className="place-card__bookmark-icon"
              height={19}
              width={18}
            >
              <use
                xlinkHref="#icon-bookmark"
              />
            </svg>
            <span
              className="visually-hidden"
            >
              To bookmarks
            </span>
          </button>
        </div>
        <div
          className="place-card__rating rating"
        >
          <div
            className="place-card__stars rating__stars"
          >
            <span
              style={
                Object {
                  "width": "100%",
                }
              }
            />
            <span
              className="visually-hidden"
            >
              Rating
            </span>
          </div>
        </div>
        <h2
          className="place-card__name"
        >
          <a
            href="/offer/1"
            onClick={[Function]}
          >
            Amazing and Extremely Central Flat
          </a>
        </h2>
        <p
          className="place-card__type"
        >
          Apartment
        </p>
      </div>
    </article>
    <article
      className="near-places__card place-card"
      onMouseEnter={[Function]}
      onMouseLeave={[Function]}
    >
      
      <div
        className="near-places__image-wrapper place-card__image-wrapper"
      >
        <a>
          <img
            alt="Place image"
            className="place-card__image"
            height={200}
            src="image3"
            width={260}
          />
        </a>
      </div>
      <div
        className="place-card__info"
      >
        <div
          className="place-card__price-wrapper"
        >
          <div
            className="place-card__price"
          >
            <b
              className="place-card__price-value"
            >
              €
              500
            </b>
            <span
              className="place-card__price-text"
              style={
                Object {
                  "marginLeft": "3px",
                }
              }
            >
              / night
            </span>
          </div>
          <button
            className="near-places__bookmark-button button "
            disabled={false}
            onClick={[Function]}
            type="button"
          >
            <svg
              className="place-card__bookmark-icon"
              height={19}
              width={18}
            >
              <use
                xlinkHref="#icon-bookmark"
              />
            </svg>
            <span
              className="visually-hidden"
            >
              To bookmarks
            </span>
          </button>
        </div>
        <div
          className="place-card__rating rating"
        >
          <div
            className="place-card__stars rating__stars"
          >
            <span
              style={
                Object {
                  "width": "80%",
                }
              }
            />
            <span
              className="visually-hidden"
            >
              Rating
            </span>
          </div>
        </div>
        <h2
          className="place-card__name"
        >
          <a
            href="/offer/2"
            onClick={[Function]}
          >
            The house among olive
          </a>
        </h2>
        <p
          className="place-card__type"
        >
          House
        </p>
      </div>
    </article>
    <article
      className="near-places__card place-card"
      onMouseEnter={[Function]}
      onMouseLeave={[Function]}
    >
      <div
        className="place-card__mark"
      >
        <span>
          Premium
        </span>
      </div>
      <div
        className="near-places__image-wrapper place-card__image-wrapper"
      >
        <a>
          <img
            alt="Place image"
            className="place-card__image"
            height={200}
            src="image3"
            width={260}
          />
        </a>
      </div>
      <div
        className="place-card__info"
      >
        <div
          className="place-card__price-wrapper"
        >
          <div
            className="place-card__price"
          >
            <b
              className="place-card__price-value"
            >
              €
              600
            </b>
            <span
              className="place-card__price-text"
              style={
                Object {
                  "marginLeft": "3px",
                }
              }
            >
              / night
            </span>
          </div>
          <button
            className="near-places__bookmark-button button "
            disabled={false}
            onClick={[Function]}
            type="button"
          >
            <svg
              className="place-card__bookmark-icon"
              height={19}
              width={18}
            >
              <use
                xlinkHref="#icon-bookmark"
              />
            </svg>
            <span
              className="visually-hidden"
            >
              To bookmarks
            </span>
          </button>
        </div>
        <div
          className="place-card__rating rating"
        >
          <div
            className="place-card__stars rating__stars"
          >
            <span
              style={
                Object {
                  "width": "60%",
                }
              }
            />
            <span
              className="visually-hidden"
            >
              Rating
            </span>
          </div>
        </div>
        <h2
          className="place-card__name"
        >
          <a
            href="/offer/3"
            onClick={[Function]}
          >
            Amazing and Extremely Central Flat
          </a>
        </h2>
        <p
          className="place-card__type"
        >
          Private room
        </p>
      </div>
    </article>
  </div>
</section>
`;
