// Jest Snapshot v1, https://goo.gl/fbAQLP

exports[`Reviews should render Reviews correctly 1`] = `
<section
  className="property__reviews reviews"
>
  <h2
    className="reviews__title"
  >
    Reviews Â· 
    <span
      className="reviews__amount"
    >
      2
    </span>
  </h2>
  <ul
    className="reviews__list"
  >
    <li
      className="reviews__item"
    >
      <div
        className="reviews__user user"
      >
        <div
          className="reviews__avatar-wrapper user__avatar-wrapper reviews__avatar-wrapper--pro"
        >
          <img
            alt="Alena avatar"
            className="reviews__avatar user__avatar"
            height={54}
            src="/user1_avatar"
            width={54}
          />
        </div>
        <span
          className="reviews__user-name"
        >
          Alena
        </span>
      </div>
      <div
        className="reviews__info"
      >
        <div
          className="reviews__rating rating"
        >
          <div
            className="reviews__stars rating__stars"
          >
            <span
              style={
                Object {
                  "width": "80%",
                }
              }
            />
            <span
              className="visually-hidden"
            >
              Rating
            </span>
          </div>
        </div>
        <p
          className="reviews__text"
        >
          Relax, rejuvenate and unplug in this ultimate rustic getaway experience in the country.
        </p>
        <time
          className="reviews__time"
          dateTime="2020:03:04T14:00"
        >
          March 2020
        </time>
      </div>
    </li>
    <li
      className="reviews__item"
    >
      <div
        className="reviews__user user"
      >
        <div
          className="reviews__avatar-wrapper user__avatar-wrapper reviews__avatar-wrapper--pro"
        >
          <img
            alt="Nick avatar"
            className="reviews__avatar user__avatar"
            height={54}
            src="/user2_avatar"
            width={54}
          />
        </div>
        <span
          className="reviews__user-name"
        >
          Nick
        </span>
      </div>
      <div
        className="reviews__info"
      >
        <div
          className="reviews__rating rating"
        >
          <div
            className="reviews__stars rating__stars"
          >
            <span
              style={
                Object {
                  "width": "100%",
                }
              }
            />
            <span
              className="visually-hidden"
            >
              Rating
            </span>
          </div>
        </div>
        <p
          className="reviews__text"
        >
          In our beautiful screened Pondhouse, you can gaze at the stars and listen to the sounds of nature from your cozy warm bed.
        </p>
        <time
          className="reviews__time"
          dateTime="2020:03:03T10:00"
        >
          March 2020
        </time>
      </div>
    </li>
  </ul>
  <form
    action="#"
    className="reviews__form form"
    method="post"
    onSubmit={[Function]}
  >
    <label
      className="reviews__label form__label"
      htmlFor="review"
    >
      Your review
    </label>
    <div
      className="reviews__rating-form form__rating"
    >
      <input
        checked={false}
        className="form__rating-input visually-hidden"
        id="5-stars"
        name="rating"
        onChange={[Function]}
        type="radio"
        value={5}
      />
      <label
        className="reviews__rating-label form__rating-label"
        htmlFor="5-stars"
        title="perfect"
      >
        <svg
          className="form__star-image"
          height="33"
          width="37"
        >
          <use
            xlinkHref="#icon-star"
          />
        </svg>
      </label>
      <input
        checked={false}
        className="form__rating-input visually-hidden"
        id="4-stars"
        name="rating"
        onChange={[Function]}
        type="radio"
        value={4}
      />
      <label
        className="reviews__rating-label form__rating-label"
        htmlFor="4-stars"
        title="good"
      >
        <svg
          className="form__star-image"
          height="33"
          width="37"
        >
          <use
            xlinkHref="#icon-star"
          />
        </svg>
      </label>
      <input
        checked={false}
        className="form__rating-input visually-hidden"
        id="3-stars"
        name="rating"
        onChange={[Function]}
        type="radio"
        value={3}
      />
      <label
        className="reviews__rating-label form__rating-label"
        htmlFor="3-stars"
        title="not bad"
      >
        <svg
          className="form__star-image"
          height="33"
          width="37"
        >
          <use
            xlinkHref="#icon-star"
          />
        </svg>
      </label>
      <input
        checked={false}
        className="form__rating-input visually-hidden"
        id="2-stars"
        name="rating"
        onChange={[Function]}
        type="radio"
        value={2}
      />
      <label
        className="reviews__rating-label form__rating-label"
        htmlFor="2-stars"
        title="badly"
      >
        <svg
          className="form__star-image"
          height="33"
          width="37"
        >
          <use
            xlinkHref="#icon-star"
          />
        </svg>
      </label>
      <input
        checked={false}
        className="form__rating-input visually-hidden"
        id="1-stars"
        name="rating"
        onChange={[Function]}
        type="radio"
        value={1}
      />
      <label
        className="reviews__rating-label form__rating-label"
        htmlFor="1-stars"
        title="terribly"
      >
        <svg
          className="form__star-image"
          height="33"
          width="37"
        >
          <use
            xlinkHref="#icon-star"
          />
        </svg>
      </label>
    </div>
    <textarea
      className="reviews__textarea form__textarea"
      id="review"
      name="review"
      onChange={[Function]}
      placeholder="Tell how was your stay, what you like and what can be improved"
      value=""
    />
    <div
      className="reviews__button-wrapper"
    >
      <p
        className="reviews__help"
      >
        To submit review please make sure to set 
        <span
          className="reviews__star"
        >
          rating
        </span>
         and describe your stay with at least 
        <b
          className="reviews__text-amount"
        >
          50 characters
        </b>
        .
      </p>
      <button
        className="reviews__submit form__submit button"
        disabled={true}
        type="submit"
      >
        Submit
      </button>
    </div>
  </form>
</section>
`;
