// Jest Snapshot v1, https://goo.gl/fbAQLP

exports[`Places should render Places correctly 1`] = `
<section
  className="cities__places places"
>
  <h2
    className="visually-hidden"
  >
    Places
  </h2>
  <b
    className="places__found"
  >
    2 places
     to stay in 
    Amsterdam
  </b>
  <form
    action="#"
    className="places__sorting"
    method="get"
  >
    <span
      className="places__sorting-caption"
    >
      Sort by 
    </span>
    <span
      className="places__sorting-type"
      onClick={[Function]}
      tabIndex="0"
    >
      Popular
      <svg
        className="places__sorting-arrow"
        height="4"
        width="7"
      >
        <use
          xlinkHref="#icon-arrow-select"
        />
      </svg>
    </span>
    <ul
      className="places__options places__options--custom "
      onClick={[Function]}
    >
      <li
        className="places__option places__option--active"
        onClick={[Function]}
        tabIndex="0"
      >
        Popular
      </li>
      <li
        className="places__option "
        onClick={[Function]}
        tabIndex="0"
      >
        Price: low to high
      </li>
      <li
        className="places__option "
        onClick={[Function]}
        tabIndex="0"
      >
        Price: high to low
      </li>
      <li
        className="places__option "
        onClick={[Function]}
        tabIndex="0"
      >
        Top rated first
      </li>
    </ul>
  </form>
  <div
    className="cities__places-list places__list tabs__content"
    onMouseLeave={[Function]}
  >
    <article
      className="cities__place-card place-card"
      onMouseEnter={[Function]}
      onMouseLeave={[Function]}
    >
      
      <div
        className="cities__image-wrapper place-card__image-wrapper"
      >
        <a
          href="#"
        >
          <img
            alt="Place image"
            className="place-card__image"
            height="200"
            src="image"
            width="260"
          />
        </a>
      </div>
      <div
        className="place-card__info"
      >
        <div
          className="place-card__price-wrapper"
        >
          <div
            className="place-card__price"
          >
            <b
              className="place-card__price-value"
            >
              €
              200
            </b>
            <span
              className="place-card__price-text"
              style={
                Object {
                  "marginLeft": "3px",
                }
              }
            >
              / night
            </span>
          </div>
          <button
            className="place-card__bookmark-button button place-card__bookmark-button--active"
            type="button"
          >
            <svg
              className="place-card__bookmark-icon"
              height={19}
              width={18}
            >
              <use
                xlinkHref="#icon-bookmark"
              />
            </svg>
            <span
              className="visually-hidden"
            >
              To bookmarks
            </span>
          </button>
        </div>
        <div
          className="place-card__rating rating"
        >
          <div
            className="place-card__stars rating__stars"
          >
            <span
              style={
                Object {
                  "width": "60%",
                }
              }
            />
            <span
              className="visually-hidden"
            >
              Rating
            </span>
          </div>
        </div>
        <h2
          className="place-card__name"
        >
          <a
            onClick={[Function]}
          >
            title
          </a>
        </h2>
        <p
          className="place-card__type"
        />
      </div>
    </article>
    <article
      className="cities__place-card place-card"
      onMouseEnter={[Function]}
      onMouseLeave={[Function]}
    >
      
      <div
        className="cities__image-wrapper place-card__image-wrapper"
      >
        <a
          href="#"
        >
          <img
            alt="Place image"
            className="place-card__image"
            height="200"
            src="image"
            width="260"
          />
        </a>
      </div>
      <div
        className="place-card__info"
      >
        <div
          className="place-card__price-wrapper"
        >
          <div
            className="place-card__price"
          >
            <b
              className="place-card__price-value"
            >
              €
              500
            </b>
            <span
              className="place-card__price-text"
              style={
                Object {
                  "marginLeft": "3px",
                }
              }
            >
              / night
            </span>
          </div>
          <button
            className="place-card__bookmark-button button place-card__bookmark-button--active"
            type="button"
          >
            <svg
              className="place-card__bookmark-icon"
              height={19}
              width={18}
            >
              <use
                xlinkHref="#icon-bookmark"
              />
            </svg>
            <span
              className="visually-hidden"
            >
              To bookmarks
            </span>
          </button>
        </div>
        <div
          className="place-card__rating rating"
        >
          <div
            className="place-card__stars rating__stars"
          >
            <span
              style={
                Object {
                  "width": "80%",
                }
              }
            />
            <span
              className="visually-hidden"
            >
              Rating
            </span>
          </div>
        </div>
        <h2
          className="place-card__name"
        >
          <a
            onClick={[Function]}
          >
            title
          </a>
        </h2>
        <p
          className="place-card__type"
        />
      </div>
    </article>
  </div>
</section>
`;
