// Jest Snapshot v1, https://goo.gl/fbAQLP

exports[`ReviewsFormText should render ReviewsFormText correctly 1`] = `
<textarea
  className="reviews__textarea form__textarea"
  id="review"
  name="review"
  onChange={[MockFunction]}
  placeholder="Tell how was your stay, what you like and what can be improved"
  value="Some text"
/>
`;
