// Jest Snapshot v1, https://goo.gl/fbAQLP

exports[`NotFound should render NotFound Page correctly 1`] = `
<div
  className="page page--gray page--not-found"
>
  <header
    className="header"
  >
    <div
      className="container"
    >
      <div
        className="header__wrapper"
      >
        <div
          className="header__left"
        >
          <a
            className="header__logo-link header__logo-link--active"
            href="/"
            onClick={[Function]}
          >
            <img
              alt="6 cities logo"
              className="header__logo"
              height="41"
              src="../img/logo.svg"
              width="81"
            />
          </a>
        </div>
        <nav
          className="header__nav"
        >
          <ul
            className="header__nav-list"
          >
            <li
              className="header__nav-item user"
            >
              <a
                className="header__nav-link header__nav-link--profile"
                href="/login"
                onClick={[Function]}
              >
                <div
                  className="header__avatar-wrapper user__avatar-wrapper"
                />
                <span
                  className="header__user-name user__name"
                >
                  Sign in
                </span>
              </a>
            </li>
          </ul>
        </nav>
      </div>
    </div>
  </header>
  <main
    className="page__not-found"
  >
    <div
      className="not-found__status-wrapper"
      style={
        Object {
          "backgroundImage": "url(../img/ico-saved.svg)",
          "backgroundPosition": "center top",
          "backgroundRepeat": "no-repeat",
          "backgroundSize": "60px 73px",
          "marginLeft": "auto",
          "marginRight": "auto",
          "marginTop": "16.7vh",
          "paddingTop": "94px",
          "textAlign": "center",
          "width": "420px",
        }
      }
    >
      <b
        className="not-found__status"
        style={
          Object {
            "display": "block",
            "fontSize": "32px",
            "lineHeight": "1.1875",
            "marginBottom": "5px",
          }
        }
      >
        Page Not Found
      </b>
      <p
        className="not-found__status-description"
        style={
          Object {
            "fontSize": "16px",
            "lineHeight": "1.5",
            "marginTop": "0",
            "padding": "0 30px",
          }
        }
      >
        It happens! Letâ€™s get you back on track.
      </p>
      <div
        style={
          Object {
            "display": "flex",
            "justifyContent": "center",
            "marginTop": "20px",
          }
        }
      >
        <div
          className="locations__item"
        >
          <a
            className="locations__item-link tabs__item tabs__item--active"
            href="/"
            onClick={[Function]}
          >
            <span>
              Paris
            </span>
          </a>
        </div>
      </div>
    </div>
  </main>
</div>
`;
