// Jest Snapshot v1, https://goo.gl/fbAQLP

exports[`Reviews should render Reviews correctly 1`] = `
<ul
  className="reviews__list"
>
  <li
    className="reviews__item"
  >
    <div
      className="reviews__user user"
    >
      <div
        className="reviews__avatar-wrapper user__avatar-wrapper "
      >
        <img
          alt="Bob avatar"
          className="reviews__avatar user__avatar"
          height={54}
          src="avatar"
          width={54}
        />
      </div>
      <span
        className="reviews__user-name"
      >
        Bob
      </span>
    </div>
    <div
      className="reviews__info"
    >
      <div
        className="reviews__rating rating"
      >
        <div
          className="reviews__stars rating__stars"
        >
          <span
            style={
              Object {
                "width": "80%",
              }
            }
          />
          <span
            className="visually-hidden"
          >
            Rating
          </span>
        </div>
      </div>
      <p
        className="reviews__text"
      >
        comment
      </p>
      <time
        className="reviews__time"
        dateTime="2019-04-24"
      >
        April 2019
      </time>
    </div>
  </li>
  <li
    className="reviews__item"
  >
    <div
      className="reviews__user user"
    >
      <div
        className="reviews__avatar-wrapper user__avatar-wrapper "
      >
        <img
          alt="Jane avatar"
          className="reviews__avatar user__avatar"
          height={54}
          src="avatar"
          width={54}
        />
      </div>
      <span
        className="reviews__user-name"
      >
        Jane
      </span>
    </div>
    <div
      className="reviews__info"
    >
      <div
        className="reviews__rating rating"
      >
        <div
          className="reviews__stars rating__stars"
        >
          <span
            style={
              Object {
                "width": "100%",
              }
            }
          />
          <span
            className="visually-hidden"
          >
            Rating
          </span>
        </div>
      </div>
      <p
        className="reviews__text"
      >
        comment
      </p>
      <time
        className="reviews__time"
        dateTime="2019-04-24"
      >
        April 2019
      </time>
    </div>
  </li>
</ul>
`;
