// Jest Snapshot v1, https://goo.gl/fbAQLP

exports[`Cities should render Cities with empty offers 1`] = `
<div
  className="cities"
>
  <div
    className="cities__places-container container cities__places-container--empty"
  >
    <section
      className="cities__no-places"
    >
      <div
        className="cities__status-wrapper tabs__content"
      >
        <b
          className="cities__status"
        >
          No places to stay available
        </b>
        <p
          className="cities__status-description"
        >
          We could not find any property availbale at the moment in 
          Brussels
        </p>
      </div>
    </section>
    <div
      className="cities__right-section"
    >
      0
    </div>
  </div>
</div>
`;

exports[`Cities should render Cities with no empty offers 1`] = `
<div
  className="cities"
>
  <div
    className="cities__places-container container "
  >
    <section
      className="cities__places places"
    >
      <h2
        className="visually-hidden"
      >
        Places
      </h2>
      <b
        className="places__found"
      >
        3 places
         to stay in 
        Paris
      </b>
      <form
        action="#"
        className="places__sorting"
        method="get"
      >
        <span
          className="places__sorting-caption"
        >
          Sort by 
        </span>
        <span
          className="places__sorting-type"
          onClick={[Function]}
          tabIndex="0"
        >
          Popular
          <svg
            className="places__sorting-arrow"
            height="4"
            width="7"
          >
            <use
              xlinkHref="#icon-arrow-select"
            />
          </svg>
        </span>
        <ul
          className="places__options places__options--custom "
          onClick={[Function]}
        >
          <li
            className="places__option places__option--active"
            onClick={[Function]}
            tabIndex="0"
          >
            Popular
          </li>
          <li
            className="places__option "
            onClick={[Function]}
            tabIndex="0"
          >
            Price: low to high
          </li>
          <li
            className="places__option "
            onClick={[Function]}
            tabIndex="0"
          >
            Price: high to low
          </li>
          <li
            className="places__option "
            onClick={[Function]}
            tabIndex="0"
          >
            Top rated first
          </li>
        </ul>
      </form>
      <div
        className="cities__places-list places__list tabs__content"
        onMouseLeave={[Function]}
      >
        <article
          className="cities__place-card place-card"
          onMouseEnter={[Function]}
          onMouseLeave={[Function]}
        >
          <div
            className="place-card__mark"
          >
            <span>
              Premium
            </span>
          </div>
          <div
            className="cities__image-wrapper place-card__image-wrapper"
          >
            <a
              href="#"
            >
              <img
                alt="Place image"
                className="place-card__image"
                height={200}
                src="image1"
                width={260}
              />
            </a>
          </div>
          <div
            className="place-card__info"
          >
            <div
              className="place-card__price-wrapper"
            >
              <div
                className="place-card__price"
              >
                <b
                  className="place-card__price-value"
                >
                  €
                  400
                </b>
                <span
                  className="place-card__price-text"
                  style={
                    Object {
                      "marginLeft": "3px",
                    }
                  }
                >
                  / night
                </span>
              </div>
              <button
                className="cities__bookmark-button button place-card__bookmark-button--active"
                onClick={[Function]}
                type="button"
              >
                <svg
                  className="place-card__bookmark-icon"
                  height={19}
                  width={18}
                >
                  <use
                    xlinkHref="#icon-bookmark"
                  />
                </svg>
                <span
                  className="visually-hidden"
                >
                  To bookmarks
                </span>
              </button>
            </div>
            <div
              className="place-card__rating rating"
            >
              <div
                className="place-card__stars rating__stars"
              >
                <span
                  style={
                    Object {
                      "width": "100%",
                    }
                  }
                />
                <span
                  className="visually-hidden"
                >
                  Rating
                </span>
              </div>
            </div>
            <h2
              className="place-card__name"
            >
              <a
                href="/offer/1"
                onClick={[Function]}
              >
                Amazing and Extremely Central Flat
              </a>
            </h2>
            <p
              className="place-card__type"
            >
              Apartment
            </p>
          </div>
        </article>
        <article
          className="cities__place-card place-card"
          onMouseEnter={[Function]}
          onMouseLeave={[Function]}
        >
          
          <div
            className="cities__image-wrapper place-card__image-wrapper"
          >
            <a
              href="#"
            >
              <img
                alt="Place image"
                className="place-card__image"
                height={200}
                src="image3"
                width={260}
              />
            </a>
          </div>
          <div
            className="place-card__info"
          >
            <div
              className="place-card__price-wrapper"
            >
              <div
                className="place-card__price"
              >
                <b
                  className="place-card__price-value"
                >
                  €
                  500
                </b>
                <span
                  className="place-card__price-text"
                  style={
                    Object {
                      "marginLeft": "3px",
                    }
                  }
                >
                  / night
                </span>
              </div>
              <button
                className="cities__bookmark-button button place-card__bookmark-button--active"
                onClick={[Function]}
                type="button"
              >
                <svg
                  className="place-card__bookmark-icon"
                  height={19}
                  width={18}
                >
                  <use
                    xlinkHref="#icon-bookmark"
                  />
                </svg>
                <span
                  className="visually-hidden"
                >
                  To bookmarks
                </span>
              </button>
            </div>
            <div
              className="place-card__rating rating"
            >
              <div
                className="place-card__stars rating__stars"
              >
                <span
                  style={
                    Object {
                      "width": "80%",
                    }
                  }
                />
                <span
                  className="visually-hidden"
                >
                  Rating
                </span>
              </div>
            </div>
            <h2
              className="place-card__name"
            >
              <a
                href="/offer/2"
                onClick={[Function]}
              >
                The house among olive
              </a>
            </h2>
            <p
              className="place-card__type"
            >
              House
            </p>
          </div>
        </article>
        <article
          className="cities__place-card place-card"
          onMouseEnter={[Function]}
          onMouseLeave={[Function]}
        >
          <div
            className="place-card__mark"
          >
            <span>
              Premium
            </span>
          </div>
          <div
            className="cities__image-wrapper place-card__image-wrapper"
          >
            <a
              href="#"
            >
              <img
                alt="Place image"
                className="place-card__image"
                height={200}
                src="image3"
                width={260}
              />
            </a>
          </div>
          <div
            className="place-card__info"
          >
            <div
              className="place-card__price-wrapper"
            >
              <div
                className="place-card__price"
              >
                <b
                  className="place-card__price-value"
                >
                  €
                  600
                </b>
                <span
                  className="place-card__price-text"
                  style={
                    Object {
                      "marginLeft": "3px",
                    }
                  }
                >
                  / night
                </span>
              </div>
              <button
                className="cities__bookmark-button button place-card__bookmark-button--active"
                onClick={[Function]}
                type="button"
              >
                <svg
                  className="place-card__bookmark-icon"
                  height={19}
                  width={18}
                >
                  <use
                    xlinkHref="#icon-bookmark"
                  />
                </svg>
                <span
                  className="visually-hidden"
                >
                  To bookmarks
                </span>
              </button>
            </div>
            <div
              className="place-card__rating rating"
            >
              <div
                className="place-card__stars rating__stars"
              >
                <span
                  style={
                    Object {
                      "width": "60%",
                    }
                  }
                />
                <span
                  className="visually-hidden"
                >
                  Rating
                </span>
              </div>
            </div>
            <h2
              className="place-card__name"
            >
              <a
                href="/offer/3"
                onClick={[Function]}
              >
                Amazing and Extremely Central Flat
              </a>
            </h2>
            <p
              className="place-card__type"
            >
              Private room
            </p>
          </div>
        </article>
      </div>
    </section>
    <div
      className="cities__right-section"
    >
      <section
        className="cities__map map"
      />
    </div>
  </div>
</div>
`;
